
> messageai@0.1.0 test
> jest --passWithNoTests

node.exe : PASS src/utils/__tests__/time.test.ts
At line:1 char:1
+ & "C:\Program Files\nodejs/node.exe" "C:\Program Files\nodejs/node_mo ...
+ ~~~~~~~~~~~~~~~~~~~~~~~~~~~~~~~~~~~~~~~~~~~~~~~~~~~~~~~~~~~~~~~~~~~~~
    + CategoryInfo          : NotSpecified: (PASS src/utils/__tests__/time.test.ts:String) [], RemoteException
    + FullyQualifiedErrorId : NativeCommandError
 
PASS src/services/__tests__/offlineQueue.test.ts
PASS src/state/__tests__/store.test.ts
PASS src/hooks/__tests__/useThread.test.ts
FAIL src/components/__tests__/MessageBubble.test.tsx
  ΓùÅ MessageBubble Component ΓÇ║ should render message text

    useTheme must be used within a ThemeProvider

      115 |   const context = useContext(ThemeContext);
      116 |   if (context === undefined) {
    > 117 |     throw new Error('useTheme must be used within a ThemeProvider');
          |           ^
      118 |   }
      119 |   return context;
      120 | }

      at useTheme (src/contexts/ThemeContext.tsx:117:11)
      at MessageBubble (src/components/MessageBubble.tsx:30:30)
      at Object.react-stack-bottom-frame 
(node_modules/react-test-renderer/cjs/react-test-renderer.development.js:13976:20)
      at renderWithHooks (node_modules/react-test-renderer/cjs/react-test-renderer.development.js:2866:22)
      at updateFunctionComponent (node_modules/react-test-renderer/cjs/react-test-renderer.development.js:6006:19)
      at beginWork (node_modules/react-test-renderer/cjs/react-test-renderer.development.js:7474:18)
      at runWithFiberInDEV (node_modules/react-test-renderer/cjs/react-test-renderer.development.js:1574:13)
      at performUnitOfWork (node_modules/react-test-renderer/cjs/react-test-renderer.development.js:10972:22)
      at workLoopSync (node_modules/react-test-renderer/cjs/react-test-renderer.development.js:10816:41)
      at renderRootSync (node_modules/react-test-renderer/cjs/react-test-renderer.development.js:10797:11)
      at performWorkOnRoot (node_modules/react-test-renderer/cjs/react-test-renderer.development.js:10384:39)
      at performWorkOnRootViaSchedulerTask 
(node_modules/react-test-renderer/cjs/react-test-renderer.development.js:2094:7)
      at flushActQueue (node_modules/react/cjs/react.development.js:566:34)
      at Object.<anonymous>.process.env.NODE_ENV.exports.act (node_modules/react/cjs/react.development.js:859:10)
      at actImplementation (node_modules/@testing-library/react-native/src/act.ts:30:25)
      at renderWithAct (node_modules/@testing-library/react-native/src/render-act.ts:12:11)
      at renderInternal (node_modules/@testing-library/react-native/src/render.tsx:81:33)
      at renderInternal (node_modules/@testing-library/react-native/src/render.tsx:44:10)
      at Object.<anonymous> (src/components/__tests__/MessageBubble.test.tsx:25:33)

  ΓùÅ MessageBubble Component ΓÇ║ should show sender name when showSender is true

    useTheme must be used within a ThemeProvider

      115 |   const context = useContext(ThemeContext);
      116 |   if (context === undefined) {
    > 117 |     throw new Error('useTheme must be used within a ThemeProvider');
          |           ^
      118 |   }
      119 |   return context;
      120 | }

      at useTheme (src/contexts/ThemeContext.tsx:117:11)
      at MessageBubble (src/components/MessageBubble.tsx:30:30)
      at Object.react-stack-bottom-frame 
(node_modules/react-test-renderer/cjs/react-test-renderer.development.js:13976:20)
      at renderWithHooks (node_modules/react-test-renderer/cjs/react-test-renderer.development.js:2866:22)
      at updateFunctionComponent (node_modules/react-test-renderer/cjs/react-test-renderer.development.js:6006:19)
      at beginWork (node_modules/react-test-renderer/cjs/react-test-renderer.development.js:7474:18)
      at runWithFiberInDEV (node_modules/react-test-renderer/cjs/react-test-renderer.development.js:1574:13)
      at performUnitOfWork (node_modules/react-test-renderer/cjs/react-test-renderer.development.js:10972:22)
      at workLoopSync (node_modules/react-test-renderer/cjs/react-test-renderer.development.js:10816:41)
      at renderRootSync (node_modules/react-test-renderer/cjs/react-test-renderer.development.js:10797:11)
      at performWorkOnRoot (node_modules/react-test-renderer/cjs/react-test-renderer.development.js:10384:39)
      at performWorkOnRootViaSchedulerTask 
(node_modules/react-test-renderer/cjs/react-test-renderer.development.js:2094:7)
      at flushActQueue (node_modules/react/cjs/react.development.js:566:34)
      at Object.<anonymous>.process.env.NODE_ENV.exports.act (node_modules/react/cjs/react.development.js:859:10)
      at actImplementation (node_modules/@testing-library/react-native/src/act.ts:30:25)
      at renderWithAct (node_modules/@testing-library/react-native/src/render-act.ts:12:11)
      at renderInternal (node_modules/@testing-library/react-native/src/render.tsx:81:33)
      at renderInternal (node_modules/@testing-library/react-native/src/render.tsx:44:10)
      at Object.<anonymous> (src/components/__tests__/MessageBubble.test.tsx:33:33)

  ΓùÅ MessageBubble Component ΓÇ║ should not show sender name when showSender is false

    useTheme must be used within a ThemeProvider

      115 |   const context = useContext(ThemeContext);
      116 |   if (context === undefined) {
    > 117 |     throw new Error('useTheme must be used within a ThemeProvider');
          |           ^
      118 |   }
      119 |   return context;
      120 | }

      at useTheme (src/contexts/ThemeContext.tsx:117:11)
      at MessageBubble (src/components/MessageBubble.tsx:30:30)
      at Object.react-stack-bottom-frame 
(node_modules/react-test-renderer/cjs/react-test-renderer.development.js:13976:20)
      at renderWithHooks (node_modules/react-test-renderer/cjs/react-test-renderer.development.js:2866:22)
      at updateFunctionComponent (node_modules/react-test-renderer/cjs/react-test-renderer.development.js:6006:19)
      at beginWork (node_modules/react-test-renderer/cjs/react-test-renderer.development.js:7474:18)
      at runWithFiberInDEV (node_modules/react-test-renderer/cjs/react-test-renderer.development.js:1574:13)
      at performUnitOfWork (node_modules/react-test-renderer/cjs/react-test-renderer.development.js:10972:22)
      at workLoopSync (node_modules/react-test-renderer/cjs/react-test-renderer.development.js:10816:41)
      at renderRootSync (node_modules/react-test-renderer/cjs/react-test-renderer.development.js:10797:11)
      at performWorkOnRoot (node_modules/react-test-renderer/cjs/react-test-renderer.development.js:10384:39)
      at performWorkOnRootViaSchedulerTask 
(node_modules/react-test-renderer/cjs/react-test-renderer.development.js:2094:7)
      at flushActQueue (node_modules/react/cjs/react.development.js:566:34)
      at Object.<anonymous>.process.env.NODE_ENV.exports.act (node_modules/react/cjs/react.development.js:859:10)
      at actImplementation (node_modules/@testing-library/react-native/src/act.ts:30:25)
      at renderWithAct (node_modules/@testing-library/react-native/src/render-act.ts:12:11)
      at renderInternal (node_modules/@testing-library/react-native/src/render.tsx:81:33)
      at renderInternal (node_modules/@testing-library/react-native/src/render.tsx:44:10)
      at Object.<anonymous> (src/components/__tests__/MessageBubble.test.tsx:46:35)

  ΓùÅ MessageBubble Component ΓÇ║ should render status checkmarks for sent messages

    useTheme must be used within a ThemeProvider

      115 |   const context = useContext(ThemeContext);
      116 |   if (context === undefined) {
    > 117 |     throw new Error('useTheme must be used within a ThemeProvider');
          |           ^
      118 |   }
      119 |   return context;
      120 | }

      at useTheme (src/contexts/ThemeContext.tsx:117:11)
      at MessageBubble (src/components/MessageBubble.tsx:30:30)
      at Object.react-stack-bottom-frame 
(node_modules/react-test-renderer/cjs/react-test-renderer.development.js:13976:20)
      at renderWithHooks (node_modules/react-test-renderer/cjs/react-test-renderer.development.js:2866:22)
      at updateFunctionComponent (node_modules/react-test-renderer/cjs/react-test-renderer.development.js:6006:19)
      at beginWork (node_modules/react-test-renderer/cjs/react-test-renderer.development.js:7474:18)
      at runWithFiberInDEV (node_modules/react-test-renderer/cjs/react-test-renderer.development.js:1574:13)
      at performUnitOfWork (node_modules/react-test-renderer/cjs/react-test-renderer.development.js:10972:22)
      at workLoopSync (node_modules/react-test-renderer/cjs/react-test-renderer.development.js:10816:41)
      at renderRootSync (node_modules/react-test-renderer/cjs/react-test-renderer.development.js:10797:11)
      at performWorkOnRoot (node_modules/react-test-renderer/cjs/react-test-renderer.development.js:10384:39)
      at performWorkOnRootViaSchedulerTask 
(node_modules/react-test-renderer/cjs/react-test-renderer.development.js:2094:7)
      at flushActQueue (node_modules/react/cjs/react.development.js:566:34)
      at Object.<anonymous>.process.env.NODE_ENV.exports.act (node_modules/react/cjs/react.development.js:859:10)
      at actImplementation (node_modules/@testing-library/react-native/src/act.ts:30:25)
      at renderWithAct (node_modules/@testing-library/react-native/src/render-act.ts:12:11)
      at renderInternal (node_modules/@testing-library/react-native/src/render.tsx:81:33)
      at renderInternal (node_modules/@testing-library/react-native/src/render.tsx:44:10)
      at Object.<anonymous> (src/components/__tests__/MessageBubble.test.tsx:59:33)

  ΓùÅ MessageBubble Component ΓÇ║ should render double checkmarks for read messages

    useTheme must be used within a ThemeProvider

      115 |   const context = useContext(ThemeContext);
      116 |   if (context === undefined) {
    > 117 |     throw new Error('useTheme must be used within a ThemeProvider');
          |           ^
      118 |   }
      119 |   return context;
      120 | }

      at useTheme (src/contexts/ThemeContext.tsx:117:11)
      at MessageBubble (src/components/MessageBubble.tsx:30:30)
      at Object.react-stack-bottom-frame 
(node_modules/react-test-renderer/cjs/react-test-renderer.development.js:13976:20)
      at renderWithHooks (node_modules/react-test-renderer/cjs/react-test-renderer.development.js:2866:22)
      at updateFunctionComponent (node_modules/react-test-renderer/cjs/react-test-renderer.development.js:6006:19)
      at beginWork (node_modules/react-test-renderer/cjs/react-test-renderer.development.js:7474:18)
      at runWithFiberInDEV (node_modules/react-test-renderer/cjs/react-test-renderer.development.js:1574:13)
      at performUnitOfWork (node_modules/react-test-renderer/cjs/react-test-renderer.development.js:10972:22)
      at workLoopSync (node_modules/react-test-renderer/cjs/react-test-renderer.development.js:10816:41)
      at renderRootSync (node_modules/react-test-renderer/cjs/react-test-renderer.development.js:10797:11)
      at performWorkOnRoot (node_modules/react-test-renderer/cjs/react-test-renderer.development.js:10384:39)
      at performWorkOnRootViaSchedulerTask 
(node_modules/react-test-renderer/cjs/react-test-renderer.development.js:2094:7)
      at flushActQueue (node_modules/react/cjs/react.development.js:566:34)
      at Object.<anonymous>.process.env.NODE_ENV.exports.act (node_modules/react/cjs/react.development.js:859:10)
      at actImplementation (node_modules/@testing-library/react-native/src/act.ts:30:25)
      at renderWithAct (node_modules/@testing-library/react-native/src/render-act.ts:12:11)
      at renderInternal (node_modules/@testing-library/react-native/src/render.tsx:81:33)
      at renderInternal (node_modules/@testing-library/react-native/src/render.tsx:44:10)
      at Object.<anonymous> (src/components/__tests__/MessageBubble.test.tsx:68:33)

  ΓùÅ MessageBubble Component ΓÇ║ should show priority badge for high priority messages

    useTheme must be used within a ThemeProvider

      115 |   const context = useContext(ThemeContext);
      116 |   if (context === undefined) {
    > 117 |     throw new Error('useTheme must be used within a ThemeProvider');
          |           ^
      118 |   }
      119 |   return context;
      120 | }

      at useTheme (src/contexts/ThemeContext.tsx:117:11)
      at MessageBubble (src/components/MessageBubble.tsx:30:30)
      at Object.react-stack-bottom-frame 
(node_modules/react-test-renderer/cjs/react-test-renderer.development.js:13976:20)
      at renderWithHooks (node_modules/react-test-renderer/cjs/react-test-renderer.development.js:2866:22)
      at updateFunctionComponent (node_modules/react-test-renderer/cjs/react-test-renderer.development.js:6006:19)
      at beginWork (node_modules/react-test-renderer/cjs/react-test-renderer.development.js:7474:18)
      at runWithFiberInDEV (node_modules/react-test-renderer/cjs/react-test-renderer.development.js:1574:13)
      at performUnitOfWork (node_modules/react-test-renderer/cjs/react-test-renderer.development.js:10972:22)
      at workLoopSync (node_modules/react-test-renderer/cjs/react-test-renderer.development.js:10816:41)
      at renderRootSync (node_modules/react-test-renderer/cjs/react-test-renderer.development.js:10797:11)
      at performWorkOnRoot (node_modules/react-test-renderer/cjs/react-test-renderer.development.js:10384:39)
      at performWorkOnRootViaSchedulerTask 
(node_modules/react-test-renderer/cjs/react-test-renderer.development.js:2094:7)
      at flushActQueue (node_modules/react/cjs/react.development.js:566:34)
      at Object.<anonymous>.process.env.NODE_ENV.exports.act (node_modules/react/cjs/react.development.js:859:10)
      at actImplementation (node_modules/@testing-library/react-native/src/act.ts:30:25)
      at renderWithAct (node_modules/@testing-library/react-native/src/render-act.ts:12:11)
      at renderInternal (node_modules/@testing-library/react-native/src/render.tsx:81:33)
      at renderInternal (node_modules/@testing-library/react-native/src/render.tsx:44:10)
      at Object.<anonymous> (src/components/__tests__/MessageBubble.test.tsx:80:33)

  ΓùÅ MessageBubble Component ΓÇ║ should not show priority badge for normal priority messages

    useTheme must be used within a ThemeProvider

      115 |   const context = useContext(ThemeContext);
      116 |   if (context === undefined) {
    > 117 |     throw new Error('useTheme must be used within a ThemeProvider');
          |           ^
      118 |   }
      119 |   return context;
      120 | }

      at useTheme (src/contexts/ThemeContext.tsx:117:11)
      at MessageBubble (src/components/MessageBubble.tsx:30:30)
      at Object.react-stack-bottom-frame 
(node_modules/react-test-renderer/cjs/react-test-renderer.development.js:13976:20)
      at renderWithHooks (node_modules/react-test-renderer/cjs/react-test-renderer.development.js:2866:22)
      at updateFunctionComponent (node_modules/react-test-renderer/cjs/react-test-renderer.development.js:6006:19)
      at beginWork (node_modules/react-test-renderer/cjs/react-test-renderer.development.js:7474:18)
      at runWithFiberInDEV (node_modules/react-test-renderer/cjs/react-test-renderer.development.js:1574:13)
      at performUnitOfWork (node_modules/react-test-renderer/cjs/react-test-renderer.development.js:10972:22)
      at workLoopSync (node_modules/react-test-renderer/cjs/react-test-renderer.development.js:10816:41)
      at renderRootSync (node_modules/react-test-renderer/cjs/react-test-renderer.development.js:10797:11)
      at performWorkOnRoot (node_modules/react-test-renderer/cjs/react-test-renderer.development.js:10384:39)
      at performWorkOnRootViaSchedulerTask 
(node_modules/react-test-renderer/cjs/react-test-renderer.development.js:2094:7)
      at flushActQueue (node_modules/react/cjs/react.development.js:566:34)
      at Object.<anonymous>.process.env.NODE_ENV.exports.act (node_modules/react/cjs/react.development.js:859:10)
      at actImplementation (node_modules/@testing-library/react-native/src/act.ts:30:25)
      at renderWithAct (node_modules/@testing-library/react-native/src/render-act.ts:12:11)
      at renderInternal (node_modules/@testing-library/react-native/src/render.tsx:81:33)
      at renderInternal (node_modules/@testing-library/react-native/src/render.tsx:44:10)
      at Object.<anonymous> (src/components/__tests__/MessageBubble.test.tsx:88:35)

  ΓùÅ MessageBubble Component ΓÇ║ should render image when media is present

    useTheme must be used within a ThemeProvider

      115 |   const context = useContext(ThemeContext);
      116 |   if (context === undefined) {
    > 117 |     throw new Error('useTheme must be used within a ThemeProvider');
          |           ^
      118 |   }
      119 |   return context;
      120 | }

      at useTheme (src/contexts/ThemeContext.tsx:117:11)
      at MessageBubble (src/components/MessageBubble.tsx:30:30)
      at Object.react-stack-bottom-frame 
(node_modules/react-test-renderer/cjs/react-test-renderer.development.js:13976:20)
      at renderWithHooks (node_modules/react-test-renderer/cjs/react-test-renderer.development.js:2866:22)
      at updateFunctionComponent (node_modules/react-test-renderer/cjs/react-test-renderer.development.js:6006:19)
      at beginWork (node_modules/react-test-renderer/cjs/react-test-renderer.development.js:7474:18)
      at runWithFiberInDEV (node_modules/react-test-renderer/cjs/react-test-renderer.development.js:1574:13)
      at performUnitOfWork (node_modules/react-test-renderer/cjs/react-test-renderer.development.js:10972:22)
      at workLoopSync (node_modules/react-test-renderer/cjs/react-test-renderer.development.js:10816:41)
      at renderRootSync (node_modules/react-test-renderer/cjs/react-test-renderer.development.js:10797:11)
      at performWorkOnRoot (node_modules/react-test-renderer/cjs/react-test-renderer.development.js:10384:39)
      at performWorkOnRootViaSchedulerTask 
(node_modules/react-test-renderer/cjs/react-test-renderer.development.js:2094:7)
      at flushActQueue (node_modules/react/cjs/react.development.js:566:34)
      at Object.<anonymous>.process.env.NODE_ENV.exports.act (node_modules/react/cjs/react.development.js:859:10)
      at actImplementation (node_modules/@testing-library/react-native/src/act.ts:30:25)
      at renderWithAct (node_modules/@testing-library/react-native/src/render-act.ts:12:11)
      at renderInternal (node_modules/@testing-library/react-native/src/render.tsx:81:33)
      at renderInternal (node_modules/@testing-library/react-native/src/render.tsx:44:10)
      at Object.<anonymous> (src/components/__tests__/MessageBubble.test.tsx:106:40)

PASS src/components/__tests__/TypingDots.test.tsx
FAIL src/screens/__tests__/LoginScreen.test.tsx
  ΓùÅ Console

    console.log
      Γ£à Credentials saved

      at log (src/screens/LoginScreen.tsx:77:15)

    console.log
      Γ£à Credentials saved

      at log (src/screens/LoginScreen.tsx:77:15)

  ΓùÅ LoginScreen ΓÇ║ should render login form

    Unable to find an element with text: MessageAI

    [36m<View>[39m
      [36m<View>[39m
        [36m<Text>[39m
          [0mWelcome Back[0m
        [36m</Text>[39m
        [36m<Text>[39m
          [0mSign in to continue[0m
        [36m</Text>[39m
        [36m<TextInput[39m
          [33mplaceholder[39m=[32m"Email"[39m
          [33mvalue[39m=[32m""[39m
        [36m/>[39m
        [36m<TextInput[39m
          [33mplaceholder[39m=[32m"Password"[39m
          [33mvalue[39m=[32m""[39m
        [36m/>[39m
        [36m<View[39m
          [33maccessible[39m=[32m{true}[39m
        [36m>[39m
          [36m<View>[39m
            [36m<Text>[39m
              [0mΓ£ô[0m
            [36m</Text>[39m
          [36m</View>[39m
          [36m<Text>[39m
            [0mRemember me[0m
          [36m</Text>[39m
        [36m</View>[39m
        [36m<View[39m
          [33maccessibilityState[39m=[32m{
            {
              "disabled": false,
            }
          }[39m
          [33maccessible[39m=[32m{true}[39m
        [36m>[39m
          [36m<Text>[39m
            [0mLog In[0m
          [36m</Text>[39m
        [36m</View>[39m
        [36m<View[39m
          [33maccessible[39m=[32m{true}[39m
        [36m>[39m
          [36m<Text>[39m
            [0mDon't have an account? Sign Up[0m
          [36m</Text>[39m
        [36m</View>[39m
      [36m</View>[39m
    [36m</View>[39m

      17 |     const { getByText, getByPlaceholderText } = render(<LoginScreen />);
      18 |     
    > 19 |     expect(getByText('MessageAI')).toBeTruthy();
         |            ^
      20 |     expect(getByText('Remote Team Communication')).toBeTruthy();
      21 |     expect(getByPlaceholderText('Email')).toBeTruthy();
      22 |     expect(getByPlaceholderText('Password')).toBeTruthy();

      at Object.getByText (src/screens/__tests__/LoginScreen.test.tsx:19:12)

PASS src/screens/__tests__/NewChatScreen.test.tsx
FAIL src/components/__tests__/Composer.test.tsx
  ΓùÅ Composer ΓÇ║ renders text input and send button

    Unable to find an element with placeholder: Type a message...

    [36m<View>[39m
      [36m<View[39m
        [33maccessibilityState[39m=[32m{
          {
            "disabled": false,
          }
        }[39m
        [33maccessible[39m=[32m{true}[39m
      [36m>[39m
        [36m<Text />[39m
      [36m</View>[39m
      [36m<TextInput[39m
        [33mplaceholder[39m=[32m"Message"[39m
        [33mvalue[39m=[32m""[39m
      [36m/>[39m
      [36m<View[39m
        [33maccessibilityState[39m=[32m{
          {
            "disabled": true,
          }
        }[39m
        [33maccessible[39m=[32m{true}[39m
      [36m>[39m
        [36m<Text />[39m
      [36m</View>[39m
    [36m</View>[39m

      41 |     const { getByPlaceholderText, getByText } = render(<Composer {...defaultProps} />);
      42 |     
    > 43 |     expect(getByPlaceholderText('Type a message...')).toBeTruthy();
         |            ^
      44 |     expect(getByText('Send')).toBeTruthy();
      45 |   });
      46 |

      at Object.getByPlaceholderText (src/components/__tests__/Composer.test.tsx:43:12)

  ΓùÅ Composer ΓÇ║ updates text input value when typing

    Unable to find an element with placeholder: Type a message...

    [36m<View>[39m
      [36m<View[39m
        [33maccessibilityState[39m=[32m{
          {
            "disabled": false,
          }
        }[39m
        [33maccessible[39m=[32m{true}[39m
      [36m>[39m
        [36m<Text>[39m
          [0m∩ÄÄ[0m
        [36m</Text>[39m
      [36m</View>[39m
      [36m<TextInput[39m
        [33mplaceholder[39m=[32m"Message"[39m
        [33mvalue[39m=[32m""[39m
      [36m/>[39m
      [36m<View[39m
        [33maccessibilityState[39m=[32m{
          {
            "disabled": true,
          }
        }[39m
        [33maccessible[39m=[32m{true}[39m
      [36m>[39m
        [36m<Text>[39m
          [0m∩òÑ[0m
        [36m</Text>[39m
      [36m</View>[39m
    [36m</View>[39m

      47 |   it('updates text input value when typing', () => {
      48 |     const { getByPlaceholderText } = render(<Composer {...defaultProps} />);
    > 49 |     const input = getByPlaceholderText('Type a message...');
         |                   ^
      50 |     
      51 |     fireEvent.changeText(input, 'Hello, world!');
      52 |     

      at Object.getByPlaceholderText (src/components/__tests__/Composer.test.tsx:49:19)

  ΓùÅ Composer ΓÇ║ calls onTyping when user types

    Unable to find an element with placeholder: Type a message...

    [36m<View>[39m
      [36m<View[39m
        [33maccessibilityState[39m=[32m{
          {
            "disabled": false,
          }
        }[39m
        [33maccessible[39m=[32m{true}[39m
      [36m>[39m
        [36m<Text>[39m
          [0m∩ÄÄ[0m
        [36m</Text>[39m
      [36m</View>[39m
      [36m<TextInput[39m
        [33mplaceholder[39m=[32m"Message"[39m
        [33mvalue[39m=[32m""[39m
      [36m/>[39m
      [36m<View[39m
        [33maccessibilityState[39m=[32m{
          {
            "disabled": true,
          }
        }[39m
        [33maccessible[39m=[32m{true}[39m
      [36m>[39m
        [36m<Text>[39m
          [0m∩òÑ[0m
        [36m</Text>[39m
      [36m</View>[39m
    [36m</View>[39m

      59 |       <Composer {...defaultProps} onTyping={onTyping} />
      60 |     );
    > 61 |     const input = getByPlaceholderText('Type a message...');
         |                   ^
      62 |     
      63 |     fireEvent.changeText(input, 'H');
      64 |     

      at Object.getByPlaceholderText (src/components/__tests__/Composer.test.tsx:61:19)

  ΓùÅ Composer ΓÇ║ calls onTyping(false) when text is cleared

    Unable to find an element with placeholder: Type a message...

    [36m<View>[39m
      [36m<View[39m
        [33maccessibilityState[39m=[32m{
          {
            "disabled": false,
          }
        }[39m
        [33maccessible[39m=[32m{true}[39m
      [36m>[39m
        [36m<Text>[39m
          [0m∩ÄÄ[0m
        [36m</Text>[39m
      [36m</View>[39m
      [36m<TextInput[39m
        [33mplaceholder[39m=[32m"Message"[39m
        [33mvalue[39m=[32m""[39m
      [36m/>[39m
      [36m<View[39m
        [33maccessibilityState[39m=[32m{
          {
            "disabled": true,
          }
        }[39m
        [33maccessible[39m=[32m{true}[39m
      [36m>[39m
        [36m<Text>[39m
          [0m∩òÑ[0m
        [36m</Text>[39m
      [36m</View>[39m
    [36m</View>[39m

      71 |       <Composer {...defaultProps} onTyping={onTyping} />
      72 |     );
    > 73 |     const input = getByPlaceholderText('Type a message...');
         |                   ^
      74 |     
      75 |     fireEvent.changeText(input, 'Hello');
      76 |     fireEvent.changeText(input, '');

      at Object.getByPlaceholderText (src/components/__tests__/Composer.test.tsx:73:19)

  ΓùÅ Composer ΓÇ║ sends message when send button is pressed

    Unable to find an element with placeholder: Type a message...

    [36m<View>[39m
      [36m<View[39m
        [33maccessibilityState[39m=[32m{
          {
            "disabled": false,
          }
        }[39m
        [33maccessible[39m=[32m{true}[39m
      [36m>[39m
        [36m<Text>[39m
          [0m∩ÄÄ[0m
        [36m</Text>[39m
      [36m</View>[39m
      [36m<TextInput[39m
        [33mplaceholder[39m=[32m"Message"[39m
        [33mvalue[39m=[32m""[39m
      [36m/>[39m
      [36m<View[39m
        [33maccessibilityState[39m=[32m{
          {
            "disabled": true,
          }
        }[39m
        [33maccessible[39m=[32m{true}[39m
      [36m>[39m
        [36m<Text>[39m
          [0m∩òÑ[0m
        [36m</Text>[39m
      [36m</View>[39m
    [36m</View>[39m

      81 |   it('sends message when send button is pressed', async () => {
      82 |     const { getByPlaceholderText, getByText } = render(<Composer {...defaultProps} />);
    > 83 |     const input = getByPlaceholderText('Type a message...');
         |                   ^
      84 |     const sendButton = getByText('Send');
      85 |     
      86 |     fireEvent.changeText(input, 'Test message');

      at Object.getByPlaceholderText (src/components/__tests__/Composer.test.tsx:83:19)
      at asyncGeneratorStep (node_modules/@babel/runtime/helpers/asyncToGenerator.js:3:17)
      at _next (node_modules/@babel/runtime/helpers/asyncToGenerator.js:17:9)
      at node_modules/@babel/runtime/helpers/asyncToGenerator.js:22:7
      at Object.<anonymous> (node_modules/@babel/runtime/helpers/asyncToGenerator.js:14:12)

  ΓùÅ Composer ΓÇ║ clears input after sending message

    Unable to find an element with placeholder: Type a message...

    [36m<View>[39m
      [36m<View[39m
        [33maccessibilityState[39m=[32m{
          {
            "disabled": false,
          }
        }[39m
        [33maccessible[39m=[32m{true}[39m
      [36m>[39m
        [36m<Text>[39m
          [0m∩ÄÄ[0m
        [36m</Text>[39m
      [36m</View>[39m
      [36m<TextInput[39m
        [33mplaceholder[39m=[32m"Message"[39m
        [33mvalue[39m=[32m""[39m
      [36m/>[39m
      [36m<View[39m
        [33maccessibilityState[39m=[32m{
          {
            "disabled": true,
          }
        }[39m
        [33maccessible[39m=[32m{true}[39m
      [36m>[39m
        [36m<Text>[39m
          [0m∩òÑ[0m
        [36m</Text>[39m
      [36m</View>[39m
    [36m</View>[39m

      100 |   it('clears input after sending message', async () => {
      101 |     const { getByPlaceholderText, getByText } = render(<Composer {...defaultProps} />);
    > 102 |     const input = getByPlaceholderText('Type a message...');
          |                   ^
      103 |     const sendButton = getByText('Send');
      104 |     
      105 |     fireEvent.changeText(input, 'Test message');

      at Object.getByPlaceholderText (src/components/__tests__/Composer.test.tsx:102:19)
      at asyncGeneratorStep (node_modules/@babel/runtime/helpers/asyncToGenerator.js:3:17)
      at _next (node_modules/@babel/runtime/helpers/asyncToGenerator.js:17:9)
      at node_modules/@babel/runtime/helpers/asyncToGenerator.js:22:7
      at Object.<anonymous> (node_modules/@babel/runtime/helpers/asyncToGenerator.js:14:12)

  ΓùÅ Composer ΓÇ║ does not send empty messages

    Unable to find an element with text: Send

    [36m<View>[39m
      [36m<View[39m
        [33maccessibilityState[39m=[32m{
          {
            "disabled": false,
          }
        }[39m
        [33maccessible[39m=[32m{true}[39m
      [36m>[39m
        [36m<Text>[39m
          [0m∩ÄÄ[0m
        [36m</Text>[39m
      [36m</View>[39m
      [36m<TextInput[39m
        [33mplaceholder[39m=[32m"Message"[39m
        [33mvalue[39m=[32m""[39m
      [36m/>[39m
      [36m<View[39m
        [33maccessibilityState[39m=[32m{
          {
            "disabled": true,
          }
        }[39m
        [33maccessible[39m=[32m{true}[39m
      [36m>[39m
        [36m<Text>[39m
          [0m∩òÑ[0m
        [36m</Text>[39m
      [36m</View>[39m
    [36m</View>[39m

      113 |   it('does not send empty messages', () => {
      114 |     const { getByText } = render(<Composer {...defaultProps} />);
    > 115 |     const sendButton = getByText('Send');
          |                        ^
      116 |     
      117 |     fireEvent.press(sendButton);
      118 |     

      at Object.getByText (src/components/__tests__/Composer.test.tsx:115:24)

  ΓùÅ Composer ΓÇ║ trims whitespace before sending

    Unable to find an element with placeholder: Type a message...

    [36m<View>[39m
      [36m<View[39m
        [33maccessibilityState[39m=[32m{
          {
            "disabled": false,
          }
        }[39m
        [33maccessible[39m=[32m{true}[39m
      [36m>[39m
        [36m<Text>[39m
          [0m∩ÄÄ[0m
        [36m</Text>[39m
      [36m</View>[39m
      [36m<TextInput[39m
        [33mplaceholder[39m=[32m"Message"[39m
        [33mvalue[39m=[32m""[39m
      [36m/>[39m
      [36m<View[39m
        [33maccessibilityState[39m=[32m{
          {
            "disabled": true,
          }
        }[39m
        [33maccessible[39m=[32m{true}[39m
      [36m>[39m
        [36m<Text>[39m
          [0m∩òÑ[0m
        [36m</Text>[39m
      [36m</View>[39m
    [36m</View>[39m

      122 |   it('trims whitespace before sending', async () => {
      123 |     const { getByPlaceholderText, getByText } = render(<Composer {...defaultProps} />);
    > 124 |     const input = getByPlaceholderText('Type a message...');
          |                   ^
      125 |     const sendButton = getByText('Send');
      126 |     
      127 |     fireEvent.changeText(input, '  Test message  ');

      at Object.getByPlaceholderText (src/components/__tests__/Composer.test.tsx:124:19)
      at asyncGeneratorStep (node_modules/@babel/runtime/helpers/asyncToGenerator.js:3:17)
      at _next (node_modules/@babel/runtime/helpers/asyncToGenerator.js:17:9)
      at node_modules/@babel/runtime/helpers/asyncToGenerator.js:22:7
      at Object.<anonymous> (node_modules/@babel/runtime/helpers/asyncToGenerator.js:14:12)

  ΓùÅ Composer ΓÇ║ disables send button while sending

    Unable to find an element with placeholder: Type a message...

    [36m<View>[39m
      [36m<View[39m
        [33maccessibilityState[39m=[32m{
          {
            "disabled": false,
          }
        }[39m
        [33maccessible[39m=[32m{true}[39m
      [36m>[39m
        [36m<Text>[39m
          [0m∩ÄÄ[0m
        [36m</Text>[39m
      [36m</View>[39m
      [36m<TextInput[39m
        [33mplaceholder[39m=[32m"Message"[39m
        [33mvalue[39m=[32m""[39m
      [36m/>[39m
      [36m<View[39m
        [33maccessibilityState[39m=[32m{
          {
            "disabled": true,
          }
        }[39m
        [33maccessible[39m=[32m{true}[39m
      [36m>[39m
        [36m<Text>[39m
          [0m∩òÑ[0m
        [36m</Text>[39m
      [36m</View>[39m
    [36m</View>[39m

      144 |
      145 |     const { getByPlaceholderText, getByText } = render(<Composer {...defaultProps} />);
    > 146 |     const input = getByPlaceholderText('Type a message...');
          |                   ^
      147 |     const sendButton = getByText('Send');
      148 |     
      149 |     fireEvent.changeText(input, 'Test');

      at Object.getByPlaceholderText (src/components/__tests__/Composer.test.tsx:146:19)
      at asyncGeneratorStep (node_modules/@babel/runtime/helpers/asyncToGenerator.js:3:17)
      at _next (node_modules/@babel/runtime/helpers/asyncToGenerator.js:17:9)
      at node_modules/@babel/runtime/helpers/asyncToGenerator.js:22:7
      at Object.<anonymous> (node_modules/@babel/runtime/helpers/asyncToGenerator.js:14:12)

FAIL src/hooks/__tests__/useAuth.test.ts
  ΓùÅ useAuth ΓÇ║ calls login with email and password

    (0 , _auth.signInWithEmailAndPassword) is not a function

      59 |     const { result } = renderHook(() => useAuth());
      60 |     
    > 61 |     await waitFor(async () => {
         |                  ^
      62 |       await result.current.login('test@example.com', 'password123');
      63 |     });
      64 |

      at Object.<anonymous> (src/hooks/__tests__/useAuth.test.ts:61:18)
      at asyncGeneratorStep (node_modules/@babel/runtime/helpers/asyncToGenerator.js:3:17)
      at _next (node_modules/@babel/runtime/helpers/asyncToGenerator.js:17:9)
      at node_modules/@babel/runtime/helpers/asyncToGenerator.js:22:7
      at Object.<anonymous> (node_modules/@babel/runtime/helpers/asyncToGenerator.js:14:12)

  ΓùÅ useAuth ΓÇ║ calls signup with email, password, and display name

    (0 , _auth.createUserWithEmailAndPassword) is not a function

      77 |     const { result } = renderHook(() => useAuth());
      78 |     
    > 79 |     await waitFor(async () => {
         |                  ^
      80 |       await result.current.signup('newuser@example.com', 'password123', 'New User');
      81 |     });
      82 |

      at Object.<anonymous> (src/hooks/__tests__/useAuth.test.ts:79:18)
      at asyncGeneratorStep (node_modules/@babel/runtime/helpers/asyncToGenerator.js:3:17)
      at _next (node_modules/@babel/runtime/helpers/asyncToGenerator.js:17:9)
      at node_modules/@babel/runtime/helpers/asyncToGenerator.js:22:7
      at Object.<anonymous> (node_modules/@babel/runtime/helpers/asyncToGenerator.js:14:12)

  ΓùÅ useAuth ΓÇ║ calls logout

    (0 , _auth.signOut) is not a function

      93 |     const { result } = renderHook(() => useAuth());
      94 |     
    > 95 |     await waitFor(async () => {
         |                  ^
      96 |       await result.current.logout();
      97 |     });
      98 |

      at Object.<anonymous> (src/hooks/__tests__/useAuth.test.ts:95:18)
      at asyncGeneratorStep (node_modules/@babel/runtime/helpers/asyncToGenerator.js:3:17)
      at _next (node_modules/@babel/runtime/helpers/asyncToGenerator.js:17:9)
      at node_modules/@babel/runtime/helpers/asyncToGenerator.js:22:7
      at Object.<anonymous> (node_modules/@babel/runtime/helpers/asyncToGenerator.js:14:12)

  ΓùÅ useAuth ΓÇ║ handles login errors

    expect(received).rejects.toThrow(expected)

    Expected substring: "Invalid credentials"
    Received message:   "(0 , _auth.signInWithEmailAndPassword) is not a function"

          48 |   const login = async (email: string, password: string) => {
          49 |     try {
        > 50 |       const result = await signInWithEmailAndPassword(auth, email, password);
             |                                                      ^
          51 |       await updateUserPresence(result.user.uid);
          52 |       return result.user;
          53 |     } catch (error) {

      at Object.<anonymous> (src/hooks/useAuth.ts:50:54)
      at asyncGeneratorStep (node_modules/@babel/runtime/helpers/asyncToGenerator.js:3:17)
      at _next (node_modules/@babel/runtime/helpers/asyncToGenerator.js:17:9)
      at node_modules/@babel/runtime/helpers/asyncToGenerator.js:22:7
      at Object.<anonymous> (node_modules/@babel/runtime/helpers/asyncToGenerator.js:14:12)
      at Object.apply (src/hooks/useAuth.ts:48:14)
      at Object.login (src/hooks/__tests__/useAuth.test.ts:109:22)
      at asyncGeneratorStep (node_modules/@babel/runtime/helpers/asyncToGenerator.js:3:17)
      at _next (node_modules/@babel/runtime/helpers/asyncToGenerator.js:17:9)
      at node_modules/@babel/runtime/helpers/asyncToGenerator.js:22:7
      at Object.<anonymous> (node_modules/@babel/runtime/helpers/asyncToGenerator.js:14:12)
      at Object.toThrow (node_modules/expect/build/index.js:218:22)
      at Object.toThrow (src/hooks/__tests__/useAuth.test.ts:110:15)
      at asyncGeneratorStep (node_modules/@babel/runtime/helpers/asyncToGenerator.js:3:17)
      at _next (node_modules/@babel/runtime/helpers/asyncToGenerator.js:17:9)
      at node_modules/@babel/runtime/helpers/asyncToGenerator.js:22:7
      at Object.<anonymous> (node_modules/@babel/runtime/helpers/asyncToGenerator.js:14:12)

  ΓùÅ useAuth ΓÇ║ handles signup errors

    expect(received).rejects.toThrow(expected)

    Expected substring: "Email already in use"
    Received message:   "(0 , _auth.createUserWithEmailAndPassword) is not a function"

          59 |   const signup = async (email: string, password: string, displayName: string) => {
          60 |     try {
        > 61 |       const result = await createUserWithEmailAndPassword(auth, email, password);
             |                                                          ^
          62 |       
          63 |       // Create user document
          64 |       await setDoc(doc(db, 'users', result.user.uid), {

      at Object.<anonymous> (src/hooks/useAuth.ts:61:58)
      at asyncGeneratorStep (node_modules/@babel/runtime/helpers/asyncToGenerator.js:3:17)
      at _next (node_modules/@babel/runtime/helpers/asyncToGenerator.js:17:9)
      at node_modules/@babel/runtime/helpers/asyncToGenerator.js:22:7
      at Object.<anonymous> (node_modules/@babel/runtime/helpers/asyncToGenerator.js:14:12)
      at Object.apply [as signup] (src/hooks/useAuth.ts:59:15)
      at Object.signup (src/hooks/__tests__/useAuth.test.ts:120:22)
      at asyncGeneratorStep (node_modules/@babel/runtime/helpers/asyncToGenerator.js:3:17)
      at _next (node_modules/@babel/runtime/helpers/asyncToGenerator.js:17:9)
      at node_modules/@babel/runtime/helpers/asyncToGenerator.js:22:7
      at Object.<anonymous> (node_modules/@babel/runtime/helpers/asyncToGenerator.js:14:12)
      at Object.toThrow (node_modules/expect/build/index.js:218:22)
      at Object.toThrow (src/hooks/__tests__/useAuth.test.ts:121:15)
      at asyncGeneratorStep (node_modules/@babel/runtime/helpers/asyncToGenerator.js:3:17)
      at _next (node_modules/@babel/runtime/helpers/asyncToGenerator.js:17:9)
      at node_modules/@babel/runtime/helpers/asyncToGenerator.js:22:7
      at Object.<anonymous> (node_modules/@babel/runtime/helpers/asyncToGenerator.js:14:12)

Test Suites: 4 failed, 6 passed, 10 total
Tests:       23 failed, 30 passed, 53 total
Snapshots:   0 total
Time:        4.567 s
Ran all test suites.
